
> bechem-united@0.1.0 build
> next build

node.exe : 
[baseline-browser-mapping] 
The data in this module is 
over two months old.  To 
ensure accurate Baseline 
data, please update: `npm i 
baseline-browser-mapping@lat
est -D`
At line:1 char:1
+ & "C:\Program 
Files\nodejs/node.exe" 
"C:\Users\LENOVO YOGA 
X1\AppData ...
+ ~~~~~~~~~~~~~~~~~~~~~~~~~~
~~~~~~~~~~~~~~~~~~~~~~~~~~~~
~~~~~~~~~~~~~~~
    + CategoryInfo          
    : NotSpecified: ([base  
  line-brows...ping@lates   
 t -D`:String) [], Remot    
eException
    + FullyQualifiedErrorId 
    : NativeCommandError
 
   Γû▓ Next.js 16.0.10 (Turbopack)
   - Environments: .env

   Creating an optimized production build ...
[baseline-browser-mapping] 
The data in this module is 
over two months old.  To 
ensure accurate Baseline 
data, please update: `npm i 
baseline-browser-mapping@lat
est -D`

> Build error occurred
Error: Turbopack build 
failed with 1 errors:
./sanity.config.ts:5:1
Export structureTool 
doesn't exist in target 
module
[0m [90m 3 |[39m 
[36mimport[39m { 
visionTool } [36mfrom[39m 
[32m"@sanity/vision"[39m[
33m;[39m
 [90m 4 |[39m 
[36mimport[39m { 
defineConfig } 
[36mfrom[39m [32m"sanity"
[39m[33m;[39m
[31m[1m>[22m[39m[90m 5 
|[39m [36mimport[39m { 
structureTool } 
[36mfrom[39m [32m"sanity/
structure"[39m[33m;[39m
 [90m   |[39m [31m[1m^[
22m[39m[31m[1m^[22m[39m
[31m[1m^[22m[39m[31m[1
m^[22m[39m[31m[1m^[22m
[39m[31m[1m^[22m[39m[31
m[1m^[22m[39m[31m[1m^[
22m[39m[31m[1m^[22m[39m
[31m[1m^[22m[39m[31m[1
m^[22m[39m[31m[1m^[22m
[39m[31m[1m^[22m[39m[31
m[1m^[22m[39m[31m[1m^[
22m[39m[31m[1m^[22m[39m
[31m[1m^[22m[39m[31m[1
m^[22m[39m[31m[1m^[22m
[39m[31m[1m^[22m[39m[31
m[1m^[22m[39m[31m[1m^[
22m[39m[31m[1m^[22m[39m
[31m[1m^[22m[39m[31m[1
m^[22m[39m[31m[1m^[22m
[39m[31m[1m^[22m[39m[31
m[1m^[22m[39m[31m[1m^[
22m[39m[31m[1m^[22m[39m
[31m[1m^[22m[39m[31m[1
m^[22m[39m[31m[1m^[22m
[39m[31m[1m^[22m[39m[31
m[1m^[22m[39m[31m[1m^[
22m[39m[31m[1m^[22m[39m
[31m[1m^[22m[39m[31m[1
m^[22m[39m[31m[1m^[22m
[39m[31m[1m^[22m[39m[31
m[1m^[22m[39m[31m[1m^[
22m[39m[31m[1m^[22m[39m
[31m[1m^[22m[39m[31m[1
m^[22m[39m[31m[1m^[22m
[39m[31m[1m^[22m[39m[31
m[1m^[22m[39m
 [90m 6 |[39m 
[36mimport[39m { 
apiVersion[33m,[39m 
dataset[33m,[39m 
projectId } [36mfrom[39m 
[32m"./sanity/env"[39m[33m
;[39m
 [90m 7 |[39m 
[36mimport[39m { 
schemaTypes } 
[36mfrom[39m [32m"./sanit
y/schemaTypes"[39m[33m;[3
9m
 [90m 8 |[39m 
[36mimport[39m { 
structure } [36mfrom[39m 
[32m"./sanity/structure"[39
m[33m;[39m[0m

The export structureTool 
was not found in module [pro
ject]/sanity/structure.ts 
[app-rsc] (ecmascript).
Did you mean to import 
structure?
All exports of the module 
are statically known (It 
doesn't have dynamic 
exports). So it's known 
statically that the 
requested export doesn't 
exist.

Import trace:
  Server Component:
    ./sanity.config.ts
    ./app/studio/[[...tool]]
/page.tsx


    at <unknown> 
(./sanity.config.ts:5:1)
